<html>
<body>
<pre>
<h1>µVision Build Log</h1>
<h2>Tool Versions:</h2>
IDE-Version: ¦ÌVision V5.15
Copyright (C) 2015 ARM Ltd and ARM Germany GmbH. All rights reserved.
License Information: 1 2, 3, LIC=TA330-BBGLD-BW52G-V1FZ9-7ZGPR-AGWXZ
 
Tool Versions:
Toolchain:       MDK-ARM Professional  Version: 5.15.0
Toolchain Path:  D:\Keil_v5\ARM\ARMCC\Bin
C Compiler:      Armcc.exe V5.05 update 2 (build 169)
Assembler:       Armasm.exe V5.05 update 2 (build 169)
Linker/Locator:  ArmLink.exe V5.05 update 2 (build 169)
Library Manager: ArmAr.exe V5.05 update 2 (build 169)
Hex Converter:   FromElf.exe V5.05 update 2 (build 169)
CPU DLL:         SARMCM3.DLL V5.15.0
Dialog DLL:      DCM.DLL V1.13.2.0
Target DLL:      STLink\ST-LINKIII-KEIL_SWO.dll V2.0.15.0_KEIL
Dialog DLL:      TCM.DLL V1.14.5.0
 
<h2>Project:</h2>
C:\Users\admin\Desktop\add-shell-os\ICP_mine1.2\MDK-ARM\ICP_mine1.2.uvprojx
Project File Date:  04/19/2018

<h2>Output:</h2>
*** Using Compiler 'V5.05 update 2 (build 169)', folder: 'D:\Keil_v5\ARM\ARMCC\Bin'
Rebuild target 'ICP_mine1.2'
compiling event_groups.c...
compiling port.c...
compiling queue.c...
compiling cmsis_os.c...
compiling heap_4.c...
compiling list.c...
compiling tasks.c...
compiling croutine.c...
compiling timers.c...
compiling freertos.c...
compiling stm32f4xx_hal_timebase_TIM.c...
compiling usart.c...
compiling stm32f4xx_it.c...
compiling tim.c...
compiling gpio.c...
compiling main.c...
compiling stm32f4xx_hal_msp.c...
compiling adc.c...
compiling spi.c...
compiling usbd_desc.c...
compiling usbd_cdc_if.c...
compiling usbd_conf.c...
compiling usb_device.c...
compiling sdio.c...
compiling dma.c...
compiling sd_diskio.c...
compiling bsp_driver_sd.c...
compiling fatfs.c...
compiling system_stm32f4xx.c...
assembling startup_stm32f405xx.s...
compiling stm32f4xx_hal_pwr_ex.c...
compiling stm32f4xx_hal_adc.c...
compiling stm32f4xx_hal_dma.c...
compiling stm32f4xx_hal_tim.c...
compiling stm32f4xx_hal_dma_ex.c...
compiling stm32f4xx_hal_rcc.c...
compiling stm32f4xx_hal_flash_ramfunc.c...
compiling stm32f4xx_hal_uart.c...
compiling stm32f4xx_hal_rcc_ex.c...
compiling stm32f4xx_hal_spi.c...
compiling stm32f4xx_hal_flash.c...
compiling stm32f4xx_hal_flash_ex.c...
compiling stm32f4xx_hal.c...
compiling stm32f4xx_hal_adc_ex.c...
compiling stm32f4xx_hal_cortex.c...
compiling stm32f4xx_hal_tim_ex.c...
compiling stm32f4xx_hal_gpio.c...
compiling stm32f4xx_hal_pwr.c...
compiling stm32f4xx_hal_pcd.c...
compiling stm32f4xx_ll_usb.c...
compiling stm32f4xx_hal_pcd_ex.c...
compiling stm32f4xx_hal_sd.c...
compiling stm32f4xx_ll_sdmmc.c...
compiling bsp.c...
compiling rw_lib_platform_os.c...
compiling rw_os.c...
compiling ap_sta.c...
compiling tcp_udp.c...
..\RAKSDK\examples_os\tcp_udp.c(222): warning:  #167-D: argument of type "socklen_t *" is incompatible with parameter of type "int *"
      sockfd = accept(sever_fd, (SOCKADDR_IN *)&new_tcpinfo,  (socklen_t*)&info_size);   //the socket as non blocking
..\RAKSDK\examples_os\tcp_udp.c(603): warning:  #940-D: missing return statement at end of non-void function "creat_tcpcTask"
  }
..\RAKSDK\examples_os\tcp_udp.c: 2 warnings, 0 errors
compiling ad7606.c...
compiling usbd_ctlreq.c...
compiling usbd_core.c...
compiling usbd_cdc.c...
compiling usbd_ioreq.c...
compiling bluetooth.c...
compiling my_task.c...
compiling task_utilities.c...
compiling tcp_udp_task.c...
compiling my_queue.c...
compiling diskio.c...
compiling syscall.c...
compiling ff.c...
compiling ff_gen_drv.c...
compiling ccsbcs.c...
compiling my_fatfs.c...
compiling lapi.c...
compiling lauxlib.c...
compiling lbaselib.c...
compiling lbitlib.c...
compiling lcode.c...
compiling lcorolib.c...
compiling lctype.c...
compiling ldblib.c...
compiling ldebug.c...
compiling ldo.c...
compiling ldump.c...
compiling lfunc.c...
compiling lgc.c...
compiling linit.c...
compiling liolib.c...
compiling llex.c...
compiling lmathlib.c...
compiling lmem.c...
compiling loadlib.c...
compiling lobject.c...
compiling lopcodes.c...
compiling loslib.c...
compiling lparser.c...
compiling lstate.c...
compiling lstring.c...
compiling lstrlib.c...
compiling ltable.c...
compiling ltablib.c...
compiling ltm.c...
compiling lundump.c...
compiling lutf8lib.c...
compiling lvm.c...
compiling lzio.c...
compiling stm32_lua_config.c...
compiling lua_test.c...
compiling mmcfs.c...
compiling my_malloc.c...
compiling xprint_init.c...
compiling xprintf.c...
compiling my_debug.c...
compiling attr.c...
compiling cleanup.c...
compiling cond.c...
compiling create.c...
compiling join.c...
compiling key.c...
compiling mutex.c...
compiling once.c...
compiling pthread.c...
compiling self.c...
compiling mutex_sys.c...
compiling panic_sys.c...
compiling status.c...
compiling list_sys.c...
compiling signal_sys.c...
compiling lua.c...
compiling lgpiolib.c...
compiling thread.c...
compiling linenoise.c...
..\Hardware\lua_rtos\lua_adds\modules\linenoise.c(714): warning:  #111-D: statement is unreachable
      return l.len;
..\Hardware\lua_rtos\lua_adds\modules\linenoise.c: 1 warning, 0 errors
compiling tmr.c...
compiling machine.c...
compiling lhardwrae.c...
compiling lwifilib.c...
compiling usleep.c...
compiling Lua_test_thread.c...
..\Hardware\lua_rtos\Lua_test_thread.c(91): warning:  #111-D: statement is unreachable
        return NULL;
..\Hardware\lua_rtos\Lua_test_thread.c: 1 warning, 0 errors
linking...
Program Size: Code=201464 RO-data=9008 RW-data=712 ZI-data=169656  
"ICP_mine1.2\ICP_mine1.2" - 0 Error(s), 4 Warning(s).

<h2>Software Packages used:</h2>

Package Vendor: ARM
                http://www.keil.com/pack/ARM.CMSIS.4.3.0.pack
                ARM::CMSIS:CORE:4.1.0
                CMSIS (Cortex Microcontroller Software Interface Standard)
   * Component: CORE Version: 4.1.0

<h2>Collection of Component include folders:</h2>
  C:\Users\admin\Desktop\add-shell-os\ICP_mine1.2\MDK-ARM\RTE
  D:\Keil_v5\ARM\PACK\ARM\CMSIS\4.3.0\CMSIS\Include
  D:\Keil_v5\ARM\PACK\Keil\STM32F4xx_DFP\2.11.0\Drivers\CMSIS\Device\ST\STM32F4xx\Include

<h2>Collection of Component Files used:</h2>

   * Component: ARM::CMSIS:CORE:4.1.0
</pre>
</body>
</html>
